Release 14.7 - xst P.20131013 (nt64)
Copyright (c) 1995-2013 Xilinx, Inc.  All rights reserved.
--> Parameter TMPDIR set to xst/projnav.tmp


Total REAL time to Xst completion: 0.00 secs
Total CPU time to Xst completion: 0.13 secs
 
--> Parameter xsthdpdir set to xst


Total REAL time to Xst completion: 0.00 secs
Total CPU time to Xst completion: 0.13 secs
 
--> Reading design: top.prj

TABLE OF CONTENTS
  1) Synthesis Options Summary
  2) HDL Parsing
  3) HDL Elaboration
  4) HDL Synthesis
       4.1) HDL Synthesis Report
  5) Advanced HDL Synthesis
       5.1) Advanced HDL Synthesis Report
  6) Low Level Synthesis
  7) Partition Report
  8) Design Summary
       8.1) Primitive and Black Box Usage
       8.2) Device utilization summary
       8.3) Partition Resource Summary
       8.4) Timing Report
            8.4.1) Clock Information
            8.4.2) Asynchronous Control Signals Information
            8.4.3) Timing Summary
            8.4.4) Timing Details
            8.4.5) Cross Clock Domains Report


=========================================================================
*                      Synthesis Options Summary                        *
=========================================================================
---- Source Parameters
Input File Name                    : "top.prj"
Ignore Synthesis Constraint File   : NO

---- Target Parameters
Output File Name                   : "top"
Output Format                      : NGC
Target Device                      : xc6slx16-3-csg324

---- Source Options
Top Module Name                    : top
Automatic FSM Extraction           : YES
FSM Encoding Algorithm             : Auto
Safe Implementation                : No
FSM Style                          : LUT
RAM Extraction                     : Yes
RAM Style                          : Auto
ROM Extraction                     : Yes
Shift Register Extraction          : YES
ROM Style                          : Auto
Resource Sharing                   : YES
Asynchronous To Synchronous        : NO
Shift Register Minimum Size        : 2
Use DSP Block                      : Auto
Automatic Register Balancing       : No

---- Target Options
LUT Combining                      : Auto
Reduce Control Sets                : Auto
Add IO Buffers                     : YES
Global Maximum Fanout              : 100000
Add Generic Clock Buffer(BUFG)     : 16
Register Duplication               : YES
Optimize Instantiated Primitives   : NO
Use Clock Enable                   : Auto
Use Synchronous Set                : Auto
Use Synchronous Reset              : Auto
Pack IO Registers into IOBs        : Auto
Equivalent register Removal        : YES

---- General Options
Optimization Goal                  : Speed
Optimization Effort                : 1
Power Reduction                    : NO
Keep Hierarchy                     : No
Netlist Hierarchy                  : As_Optimized
RTL Output                         : Yes
Global Optimization                : AllClockNets
Read Cores                         : YES
Write Timing Constraints           : NO
Cross Clock Analysis               : NO
Hierarchy Separator                : /
Bus Delimiter                      : <>
Case Specifier                     : Maintain
Slice Utilization Ratio            : 100
BRAM Utilization Ratio             : 100
DSP48 Utilization Ratio            : 100
Auto BRAM Packing                  : NO
Slice Utilization Ratio Delta      : 5

---- Other Options
Cores Search Directories           : {"ipcore_dir"  }

=========================================================================


=========================================================================
*                          HDL Parsing                                  *
=========================================================================
Analyzing Verilog file "D:\Xilinx\project\EXP5_REG\ipcore_dir\RAM_B.v" into library work
Parsing module <RAM_B>.
Analyzing Verilog file "D:\Xilinx\project\EXP5_REG\top.v" into library work
Parsing module <top>.

=========================================================================
*                            HDL Elaboration                            *
=========================================================================

Elaborating module <top>.

Elaborating module <RAM_B>.
WARNING:HDLCompiler:1499 - "D:\Xilinx\project\EXP5_REG\ipcore_dir\RAM_B.v" Line 39: Empty module <RAM_B> remains a black box.

=========================================================================
*                           HDL Synthesis                               *
=========================================================================

Synthesizing Unit <top>.
    Related source file is "D:\Xilinx\project\EXP5_REG\top.v".
    Found 1-bit 4-to-1 multiplexer for signal <MUX[1]_M_R_Data[31]_wide_mux_0_OUT<7>> created at line 61.
    Found 1-bit 4-to-1 multiplexer for signal <MUX[1]_M_R_Data[31]_wide_mux_0_OUT<6>> created at line 61.
    Found 1-bit 4-to-1 multiplexer for signal <MUX[1]_M_R_Data[31]_wide_mux_0_OUT<5>> created at line 61.
    Found 1-bit 4-to-1 multiplexer for signal <MUX[1]_M_R_Data[31]_wide_mux_0_OUT<4>> created at line 61.
    Found 1-bit 4-to-1 multiplexer for signal <MUX[1]_M_R_Data[31]_wide_mux_0_OUT<3>> created at line 61.
    Found 1-bit 4-to-1 multiplexer for signal <MUX[1]_M_R_Data[31]_wide_mux_0_OUT<2>> created at line 61.
    Found 1-bit 4-to-1 multiplexer for signal <MUX[1]_M_R_Data[31]_wide_mux_0_OUT<1>> created at line 61.
    Found 1-bit 4-to-1 multiplexer for signal <MUX[1]_M_R_Data[31]_wide_mux_0_OUT<0>> created at line 61.
WARNING:Xst:737 - Found 1-bit latch for signal <LED<6>>. Latches may be generated from incomplete case or if statements. We do not recommend the use of latches in FPGA/CPLD designs, as they may lead to timing problems.
WARNING:Xst:737 - Found 1-bit latch for signal <LED<5>>. Latches may be generated from incomplete case or if statements. We do not recommend the use of latches in FPGA/CPLD designs, as they may lead to timing problems.
WARNING:Xst:737 - Found 1-bit latch for signal <LED<4>>. Latches may be generated from incomplete case or if statements. We do not recommend the use of latches in FPGA/CPLD designs, as they may lead to timing problems.
WARNING:Xst:737 - Found 1-bit latch for signal <LED<3>>. Latches may be generated from incomplete case or if statements. We do not recommend the use of latches in FPGA/CPLD designs, as they may lead to timing problems.
WARNING:Xst:737 - Found 1-bit latch for signal <LED<2>>. Latches may be generated from incomplete case or if statements. We do not recommend the use of latches in FPGA/CPLD designs, as they may lead to timing problems.
WARNING:Xst:737 - Found 1-bit latch for signal <LED<1>>. Latches may be generated from incomplete case or if statements. We do not recommend the use of latches in FPGA/CPLD designs, as they may lead to timing problems.
WARNING:Xst:737 - Found 1-bit latch for signal <LED<0>>. Latches may be generated from incomplete case or if statements. We do not recommend the use of latches in FPGA/CPLD designs, as they may lead to timing problems.
WARNING:Xst:737 - Found 1-bit latch for signal <M_W_Data<31>>. Latches may be generated from incomplete case or if statements. We do not recommend the use of latches in FPGA/CPLD designs, as they may lead to timing problems.
WARNING:Xst:737 - Found 1-bit latch for signal <M_W_Data<21>>. Latches may be generated from incomplete case or if statements. We do not recommend the use of latches in FPGA/CPLD designs, as they may lead to timing problems.
WARNING:Xst:737 - Found 1-bit latch for signal <M_W_Data<11>>. Latches may be generated from incomplete case or if statements. We do not recommend the use of latches in FPGA/CPLD designs, as they may lead to timing problems.
WARNING:Xst:737 - Found 1-bit latch for signal <M_W_Data<8>>. Latches may be generated from incomplete case or if statements. We do not recommend the use of latches in FPGA/CPLD designs, as they may lead to timing problems.
WARNING:Xst:737 - Found 1-bit latch for signal <M_W_Data<3>>. Latches may be generated from incomplete case or if statements. We do not recommend the use of latches in FPGA/CPLD designs, as they may lead to timing problems.
WARNING:Xst:737 - Found 1-bit latch for signal <M_W_Data<0>>. Latches may be generated from incomplete case or if statements. We do not recommend the use of latches in FPGA/CPLD designs, as they may lead to timing problems.
WARNING:Xst:737 - Found 1-bit latch for signal <LED<7>>. Latches may be generated from incomplete case or if statements. We do not recommend the use of latches in FPGA/CPLD designs, as they may lead to timing problems.
    Summary:
	inferred  14 Latch(s).
	inferred  16 Multiplexer(s).
Unit <top> synthesized.

=========================================================================
HDL Synthesis Report

Macro Statistics
# Latches                                              : 14
 1-bit latch                                           : 14
# Multiplexers                                         : 16
 1-bit 2-to-1 multiplexer                              : 8
 1-bit 4-to-1 multiplexer                              : 8

=========================================================================

=========================================================================
*                       Advanced HDL Synthesis                          *
=========================================================================

Reading core <ipcore_dir/RAM_B.ngc>.
Loading core <RAM_B> for timing and area information for instance <my_RAM>.

=========================================================================
Advanced HDL Synthesis Report

Macro Statistics
# Multiplexers                                         : 16
 1-bit 2-to-1 multiplexer                              : 8
 1-bit 4-to-1 multiplexer                              : 8

=========================================================================

=========================================================================
*                         Low Level Synthesis                           *
=========================================================================

Optimizing unit <top> ...

Mapping all equations...
Building and optimizing final netlist ...
Found area constraint ratio of 100 (+ 5) on block top, actual ratio is 0.

Final Macro Processing ...

=========================================================================
Final Register Report

Found no macro
=========================================================================

=========================================================================
*                           Partition Report                            *
=========================================================================

Partition Implementation Status
-------------------------------

  No Partitions were found in this design.

-------------------------------

=========================================================================
*                            Design Summary                             *
=========================================================================

Top Level Output File Name         : top.ngc

Primitive and Black Box Usage:
------------------------------
# BELS                             : 23
#      GND                         : 1
#      LUT2                        : 5
#      LUT3                        : 8
#      LUT6                        : 8
#      VCC                         : 1
# FlipFlops/Latches                : 14
#      LDC                         : 8
#      LDCE_1                      : 6
# RAMS                             : 1
#      RAMB8BWER                   : 1
# Clock Buffers                    : 2
#      BUFG                        : 1
#      BUFGP                       : 1
# IO Buffers                       : 19
#      IBUF                        : 11
#      OBUF                        : 8

Device utilization summary:
---------------------------

Selected Device : 6slx16csg324-3 


Slice Logic Utilization: 
 Number of Slice Registers:               6  out of  18224     0%  
 Number of Slice LUTs:                   21  out of   9112     0%  
    Number used as Logic:                21  out of   9112     0%  

Slice Logic Distribution: 
 Number of LUT Flip Flop pairs used:     23
   Number with an unused Flip Flop:      17  out of     23    73%  
   Number with an unused LUT:             2  out of     23     8%  
   Number of fully used LUT-FF pairs:     4  out of     23    17%  
   Number of unique control sets:         2

IO Utilization: 
 Number of IOs:                          20
 Number of bonded IOBs:                  20  out of    232     8%  
    IOB Flip Flops/Latches:               8

Specific Feature Utilization:
 Number of Block RAM/FIFO:                1  out of     32     3%  
    Number using Block RAM only:          1
 Number of BUFG/BUFGCTRLs:                2  out of     16    12%  

---------------------------
Partition Resource Summary:
---------------------------

  No Partitions were found in this design.

---------------------------


=========================================================================
Timing Report

NOTE: THESE TIMING NUMBERS ARE ONLY A SYNTHESIS ESTIMATE.
      FOR ACCURATE TIMING INFORMATION PLEASE REFER TO THE TRACE REPORT
      GENERATED AFTER PLACE-and-ROUTE.

Clock Information:
------------------
-------------------------------------------------------+------------------------+-------+
Clock Signal                                           | Clock buffer(FF name)  | Load  |
-------------------------------------------------------+------------------------+-------+
Mem_Read                                               | IBUF+BUFG              | 6     |
Mem_Read_Mem_Write_OR_1_o(Mem_Read_Mem_Write_OR_1_o1:O)| NONE(*)(LED_6)         | 8     |
Clk                                                    | BUFGP                  | 1     |
-------------------------------------------------------+------------------------+-------+
(*) This 1 clock signal(s) are generated by combinatorial logic,
and XST is not able to identify which are the primary clock signals.
Please use the CLOCK_SIGNAL constraint to specify the clock signal(s) generated by combinatorial logic.
INFO:Xst:2169 - HDL ADVISOR - Some clock signals were not automatically buffered by XST with BUFG/BUFR resources. Please use the buffer_type constraint in order to insert these buffers to the clock signals to help prevent skew problems.

Asynchronous Control Signals Information:
----------------------------------------
No asynchronous control signals found in this design

Timing Summary:
---------------
Speed Grade: -3

   Minimum period: No path found
   Minimum input arrival time before clock: 3.590ns
   Maximum output required time after clock: 3.648ns
   Maximum combinational path delay: No path found

Timing Details:
---------------
All values displayed in nanoseconds (ns)

=========================================================================
Timing constraint: Default OFFSET IN BEFORE for Clock 'Mem_Read'
  Total number of paths / destination ports: 22 / 18
-------------------------------------------------------------------------
Offset:              2.680ns (Levels of Logic = 2)
  Source:            MUX<0> (PAD)
  Destination:       M_W_Data_0 (LATCH)
  Destination Clock: Mem_Read rising

  Data Path: MUX<0> to M_W_Data_0
                                Gate     Net
    Cell:in->out      fanout   Delay   Delay  Logical Name (Net Name)
    ----------------------------------------  ------------
     IBUF:I->O            21   1.222   1.218  MUX_0_IBUF (MUX_0_IBUF)
     LUT2:I0->O            1   0.203   0.000  _n0104<5>1 (_n0104<5>)
     LDCE_1:D                  0.037          M_W_Data_0
    ----------------------------------------
    Total                      2.680ns (1.462ns logic, 1.218ns route)
                                       (54.6% logic, 45.4% route)

=========================================================================
Timing constraint: Default OFFSET IN BEFORE for Clock 'Mem_Read_Mem_Write_OR_1_o'
  Total number of paths / destination ports: 40 / 16
-------------------------------------------------------------------------
Offset:              3.590ns (Levels of Logic = 3)
  Source:            MUX<0> (PAD)
  Destination:       LED_6 (LATCH)
  Destination Clock: Mem_Read_Mem_Write_OR_1_o falling

  Data Path: MUX<0> to LED_6
                                Gate     Net
    Cell:in->out      fanout   Delay   Delay  Logical Name (Net Name)
    ----------------------------------------  ------------
     IBUF:I->O            21   1.222   1.342  MUX_0_IBUF (MUX_0_IBUF)
     LUT3:I0->O            1   0.205   0.580  Mmux_LED[7]_MUX[1]_MUX_45_o1_SW0 (N2)
     LUT6:I5->O            1   0.205   0.000  Mmux_LED[7]_MUX[1]_MUX_45_o1 (LED[7]_MUX[1]_MUX_45_o)
     LDC:D                     0.037          LED_7
    ----------------------------------------
    Total                      3.590ns (1.669ns logic, 1.921ns route)
                                       (46.5% logic, 53.5% route)

=========================================================================
Timing constraint: Default OFFSET IN BEFORE for Clock 'Clk'
  Total number of paths / destination ports: 16 / 16
-------------------------------------------------------------------------
Offset:              2.354ns (Levels of Logic = 2)
  Source:            Mem_Write (PAD)
  Destination:       my_RAM/U0/xst_blk_mem_generator/gnativebmg.native_blk_mem_gen/valid.cstr/ramloop[0].ram.r/s6_init.ram/SP.WIDE_PRIM9.ram (RAM)
  Destination Clock: Clk rising

  Data Path: Mem_Write to my_RAM/U0/xst_blk_mem_generator/gnativebmg.native_blk_mem_gen/valid.cstr/ramloop[0].ram.r/s6_init.ram/SP.WIDE_PRIM9.ram
                                Gate     Net
    Cell:in->out      fanout   Delay   Delay  Logical Name (Net Name)
    ----------------------------------------  ------------
     IBUF:I->O            11   1.222   0.882  Mem_Write_IBUF (Mem_Write_IBUF)
     begin scope: 'my_RAM:wea<0>'
     RAMB8BWER:WEAWEL1         0.250          U0/xst_blk_mem_generator/gnativebmg.native_blk_mem_gen/valid.cstr/ramloop[0].ram.r/s6_init.ram/SP.WIDE_PRIM9.ram
    ----------------------------------------
    Total                      2.354ns (1.472ns logic, 0.882ns route)
                                       (62.5% logic, 37.5% route)

=========================================================================
Timing constraint: Default OFFSET OUT AFTER for Clock 'Mem_Read_Mem_Write_OR_1_o'
  Total number of paths / destination ports: 8 / 8
-------------------------------------------------------------------------
Offset:              3.648ns (Levels of Logic = 1)
  Source:            LED_7 (LATCH)
  Destination:       LED<7> (PAD)
  Source Clock:      Mem_Read_Mem_Write_OR_1_o falling

  Data Path: LED_7 to LED<7>
                                Gate     Net
    Cell:in->out      fanout   Delay   Delay  Logical Name (Net Name)
    ----------------------------------------  ------------
     LDC:G->Q              1   0.498   0.579  LED_7 (LED_7)
     OBUF:I->O                 2.571          LED_7_OBUF (LED<7>)
    ----------------------------------------
    Total                      3.648ns (3.069ns logic, 0.579ns route)
                                       (84.1% logic, 15.9% route)

=========================================================================

Cross Clock Domains Report:
--------------------------

Clock to Setup on destination clock Clk
---------------+---------+---------+---------+---------+
               | Src:Rise| Src:Fall| Src:Rise| Src:Fall|
Source Clock   |Dest:Rise|Dest:Rise|Dest:Fall|Dest:Fall|
---------------+---------+---------+---------+---------+
Mem_Read       |    1.779|         |         |         |
---------------+---------+---------+---------+---------+

Clock to Setup on destination clock Mem_Read_Mem_Write_OR_1_o
---------------+---------+---------+---------+---------+
               | Src:Rise| Src:Fall| Src:Rise| Src:Fall|
Source Clock   |Dest:Rise|Dest:Rise|Dest:Fall|Dest:Fall|
---------------+---------+---------+---------+---------+
Clk            |         |         |    3.559|         |
---------------+---------+---------+---------+---------+

=========================================================================


Total REAL time to Xst completion: 6.00 secs
Total CPU time to Xst completion: 6.27 secs
 
--> 

Total memory usage is 347400 kilobytes

Number of errors   :    0 (   0 filtered)
Number of warnings :   15 (   0 filtered)
Number of infos    :    1 (   0 filtered)

